// Jest Snapshot v1, https://goo.gl/fbAQLP

exports[`user stats by admin view user stats 1`] = `
Object {
  "gender": Array [
    Object {
      "_id": "test",
      "count": 7,
    },
  ],
  "hackathon_experience": Array [
    Object {
      "_id": 2,
      "count": 7,
    },
  ],
  "location": Array [
    Object {
      "_id": null,
      "count": 7,
    },
  ],
  "race": Array [
    Object {
      "_id": "test",
      "count": 7,
    },
  ],
  "skill_level": Array [
    Object {
      "_id": 1,
      "count": 7,
    },
  ],
  "status": Array [
    Object {
      "_id": "admission_confirmed",
      "count": 3,
    },
    Object {
      "_id": "incomplete",
      "count": 3,
    },
    Object {
      "_id": "submitted",
      "count": 1,
    },
  ],
  "timeline": Array [
    Object {
      "date": "2019-11-04T23:55:34.000Z",
      "num_is": 0,
      "num_oos": 1,
      "num_stanford": 0,
    },
    Object {
      "date": "2019-11-04T23:55:34.000Z",
      "num_is": 0,
      "num_oos": 2,
      "num_stanford": 0,
    },
    Object {
      "date": "2019-11-04T23:55:34.000Z",
      "num_is": 0,
      "num_oos": 3,
      "num_stanford": 0,
    },
    Object {
      "date": "2019-11-04T23:55:34.000Z",
      "num_is": 0,
      "num_oos": 4,
      "num_stanford": 0,
    },
    Object {
      "date": "2019-11-04T23:55:34.000Z",
      "num_is": 0,
      "num_oos": 5,
      "num_stanford": 0,
    },
    Object {
      "date": "2019-11-04T23:55:34.000Z",
      "num_is": 0,
      "num_oos": 6,
      "num_stanford": 0,
    },
    Object {
      "date": "2019-11-04T23:55:34.000Z",
      "num_is": 0,
      "num_oos": 7,
      "num_stanford": 0,
    },
  ],
  "type": Array [
    Object {
      "_id": "oos",
      "count": 7,
    },
  ],
  "university": Array [
    Object {
      "_id": "test",
      "count": 7,
    },
  ],
}
`;
